BL51 BANKED LINKER/LOCATER V6.22                                                        03/02/2019  11:53:54  PAGE 1


BL51 BANKED LINKER/LOCATER V6.22, INVOKED BY:
C:\KEIL_V5\C51\BIN\BL51.EXE main.obj TO »¬ÐÐ³åÍ»


MEMORY MODEL: SMALL


INPUT MODULES INCLUDED:
  main.obj (MAIN)
  C:\KEIL_V5\C51\LIB\C51S.LIB (?C_STARTUP)
  C:\KEIL_V5\C51\LIB\C51S.LIB (?C?CCASE)


LINK MAP OF MODULE:  »¬ÐÐ³åÍ» (MAIN)


            TYPE    BASE      LENGTH    RELOCATION   SEGMENT NAME
            -----------------------------------------------------

            * * * * * * *   D A T A   M E M O R Y   * * * * * * *
            REG     0000H     0008H     ABSOLUTE     "REG BANK 0"
            IDATA   0008H     0001H     UNIT         ?STACK

            * * * * * * *   C O D E   M E M O R Y   * * * * * * *
            CODE    0000H     0003H     ABSOLUTE     
            CODE    0003H     00EDH     UNIT         ?PR?MAIN?MAIN
            CODE    00F0H     0026H     UNIT         ?C?LIB_CODE
            CODE    0116H     0012H     UNIT         ?PR?USARTINIT?MAIN
            CODE    0128H     000CH     UNIT         ?C_C51STARTUP



OVERLAY MAP OF MODULE:   »¬ÐÐ³åÍ» (MAIN)


SEGMENT
  +--> CALLED SEGMENT
---------------------
?C_C51STARTUP
  +--> ?PR?MAIN?MAIN

?PR?MAIN?MAIN
  +--> ?PR?USARTINIT?MAIN



SYMBOL TABLE OF MODULE:  »¬ÐÐ³åÍ» (MAIN)

  VALUE           TYPE          NAME
  ----------------------------------

  -------         MODULE        MAIN
  C:0000H         SYMBOL        _ICE_DUMMY_
  D:0080H         PUBLIC        P0
  D:0090H         PUBLIC        P1
  D:00A0H         PUBLIC        P2
  D:00B0H         PUBLIC        P3
  D:00A8H         PUBLIC        IE
BL51 BANKED LINKER/LOCATER V6.22                                                      03/02/2019  11:53:54  PAGE 2


  D:00B8H         PUBLIC        IP
  B:0098H.1       PUBLIC        TI
  C:0003H         PUBLIC        main
  C:0116H         PUBLIC        UsartInit
  D:0099H         PUBLIC        SBUF
  D:0087H         PUBLIC        PCON
  D:0098H         PUBLIC        SCON
  D:0089H         PUBLIC        TMOD
  D:0088H         PUBLIC        TCON
  D:008DH         PUBLIC        TH1
  D:008BH         PUBLIC        TL1
  B:0088H.6       PUBLIC        TR1
  B:0080H.0       PUBLIC        LED_1
  B:0080H.1       PUBLIC        LED_2
  D:00C8H         PUBLIC        T2CON
  B:0080H.2       PUBLIC        LED_3
  B:0080H.3       PUBLIC        LED_4
  D:00D0H         PUBLIC        PSW
  -------         PROC          USARTINIT
  C:0116H         LINE#         11
  C:0116H         LINE#         12
  C:0116H         LINE#         13
  C:0119H         LINE#         14
  C:011CH         LINE#         15
  C:011FH         LINE#         16
  C:0122H         LINE#         17
  C:0125H         LINE#         20
  C:0127H         LINE#         21
  -------         ENDPROC       USARTINIT
  -------         PROC          MAIN
  -------         DO            
  D:0007H         SYMBOL        tem
  -------         ENDDO         
  C:0003H         LINE#         22
  C:0003H         LINE#         23
  C:0003H         LINE#         24
  C:0006H         LINE#         25
  C:0006H         LINE#         26
  C:000CH         LINE#         27
  C:0034H         LINE#         28
  C:0034H         LINE#         29
  C:0034H         LINE#         30
  C:0036H         LINE#         31
  C:0038H         LINE#         32
  C:0038H         LINE#         33
  C:0038H         LINE#         34
  C:003AH         LINE#         36
  C:003AH         LINE#         37
  C:003CH         LINE#         38
  C:003EH         LINE#         39
  C:0040H         LINE#         40
  C:0042H         LINE#         41
  C:0044H         LINE#         42
  C:0044H         LINE#         43
  C:0046H         LINE#         44
  C:0048H         LINE#         45
  C:004AH         LINE#         46
BL51 BANKED LINKER/LOCATER V6.22                                                      03/02/2019  11:53:54  PAGE 3


  C:004CH         LINE#         47
  C:004EH         LINE#         48
  C:004EH         LINE#         49
  C:0050H         LINE#         50
  C:0052H         LINE#         51
  C:0054H         LINE#         52
  C:0056H         LINE#         53
  C:0058H         LINE#         54
  C:0058H         LINE#         55
  C:005AH         LINE#         56
  C:005CH         LINE#         57
  C:005EH         LINE#         58
  C:0060H         LINE#         59
  C:0062H         LINE#         64
  C:0062H         LINE#         65
  C:0064H         LINE#         66
  C:0066H         LINE#         67
  C:0068H         LINE#         68
  C:006AH         LINE#         69
  C:0070H         LINE#         70
  C:0072H         LINE#         71
  C:0075H         LINE#         72
  C:0077H         LINE#         73
  C:0079H         LINE#         75
  C:0079H         LINE#         76
  C:007BH         LINE#         77
  C:007DH         LINE#         78
  C:007FH         LINE#         79
  C:0081H         LINE#         80
  C:0087H         LINE#         81
  C:0089H         LINE#         82
  C:008CH         LINE#         83
  C:008EH         LINE#         84
  C:0091H         LINE#         85
  C:0091H         LINE#         86
  C:0093H         LINE#         87
  C:0095H         LINE#         88
  C:0097H         LINE#         89
  C:0099H         LINE#         90
  C:009FH         LINE#         91
  C:00A1H         LINE#         92
  C:00A4H         LINE#         93
  C:00A6H         LINE#         94
  C:00A9H         LINE#         95
  C:00A9H         LINE#         96
  C:00ABH         LINE#         97
  C:00ADH         LINE#         98
  C:00AFH         LINE#         99
  C:00B1H         LINE#         100
  C:00B7H         LINE#         101
  C:00B9H         LINE#         102
  C:00BCH         LINE#         103
  C:00BEH         LINE#         104
  C:00C1H         LINE#         105
  C:00C1H         LINE#         106
  C:00C3H         LINE#         107
  C:00C5H         LINE#         108
BL51 BANKED LINKER/LOCATER V6.22                                                      03/02/2019  11:53:54  PAGE 4


  C:00C7H         LINE#         109
  C:00C9H         LINE#         110
  C:00CFH         LINE#         111
  C:00D1H         LINE#         112
  C:00D4H         LINE#         113
  C:00D6H         LINE#         114
  C:00D9H         LINE#         115
  C:00D9H         LINE#         116
  C:00DBH         LINE#         117
  C:00DDH         LINE#         118
  C:00DFH         LINE#         119
  C:00E1H         LINE#         120
  C:00E6H         LINE#         121
  C:00E8H         LINE#         122
  C:00EBH         LINE#         123
  C:00EDH         LINE#         124
  -------         ENDPROC       MAIN
  -------         ENDMOD        MAIN

  -------         MODULE        ?C?CCASE
  C:00F0H         PUBLIC        ?C?CCASE
  -------         ENDMOD        ?C?CCASE

Program Size: data=9.0 xdata=0 code=308
LINK/LOCATE RUN COMPLETE.  0 WARNING(S),  0 ERROR(S)
